C51 COMPILER V9.59.0.0   BSP_TIMER                                                         06/18/2019 14:07:35 PAGE 1   


C51 COMPILER V9.59.0.0, COMPILATION OF MODULE BSP_TIMER
OBJECT MODULE PLACED IN .\Objects\bsp_timer.obj
COMPILER INVOKED BY: E:\MDK\C51\BIN\C51.EXE ..\bsp\bsp_timer.c OPTIMIZE(8,SPEED) BROWSE INCDIR(..\bsp;..\lib;..\TimeOut;
                    -..\user) DEBUG OBJECTEXTEND PRINT(.\Listings\bsp_timer.lst) TABS(7) OBJECT(.\Objects\bsp_timer.obj)

line level    source

   1          #include "bsp_timer.h"
   2          #include "system.h"
   3          
   4          
   5          void Timer_Init(void)
   6          {
   7   1             TMCON = 0X07;    //------111 ;Timer0、Tiemr1和Tiemr2选择时钟Fsys
   8   1             
   9   1             //T0设置
  10   1             TMOD |= 0x01;                 //0000 0001;Timer0设置工作方式1
  11   1             TL0 = (65536 - 1000)%256;    //溢出时间：时钟为Fsys，则24000*（1/Fsys）=2ms;
  12   1             TH0 = (65536 - 1000)/256;
  13   1             TR0 = 0;
  14   1             ET0 = 1;//定时器0允许
  15   1             TR0 = 1;//打开定时器0
  16   1             //T1设置
  17   1             TMOD |= 0x20;            //0010 0000;Timer1设置工作方式2
  18   1             TL1 = 256 - 240;   //溢出时间：时钟为Fsys，则240*（1/Fsys）=20us;
  19   1             TH1 = 256 - 240;
  20   1             TR1 = 0;
  21   1             ET1 = 1;//定时器1允许
  22   1             TR1 = 1;//打开定时器1
  23   1             //T2设置
  24   1             T2MOD = 0x00;
  25   1             T2CON = 0x00;  //设置为16位重载寄存器
  26   1             RCAP2H = (65536-400)/256;     //溢出时间：时钟为Fsys，则48000*（1/Fsys）=4ms;
  27   1             RCAP2L = (65536-400)%256;
  28   1             TR2 = 0;
  29   1             ET2 = 1;//定时器2允许
  30   1             TR2 = 1;//打开定时器2
  31   1             IP = 0X00;
  32   1             IP1 = 0X00;
  33   1      }
  34          
  35          /**************************************************
  36          *函数名称：void timer0/1/2() interrupt 1/3/5
  37          *函数功能：定时器中断产生方波
  38          *入口参数：void
  39          *出口参数：void
  40          **************************************************/
  41          void timer0() interrupt 1        //250us
  42          {
  43   1             //static char Cnts;
  44   1          TL0 = (65536 - 1000)%256;
  45   1             TH0 = (65536 - 1000)/256;
  46   1             TimeOutDet_DecHandle();
  47   1             CupProcessHandle();
  48   1          LockHandle();
  49   1             #if 0
                     ++ Cnts;
                     if(Cnts & 0x01)
                     {
                            LockRedSet(1);
                     }
C51 COMPILER V9.59.0.0   BSP_TIMER                                                         06/18/2019 14:07:35 PAGE 2   

                     else
                     {
                            LockRedSet(0);
                     }
                     #endif
  60   1      }
  61          
  62          void timer1() interrupt 3
  63          {
  64   1             
  65   1      }
  66          
  67          void Timer2Int(void) interrupt 5       //400US
  68          {      
  69   1             TF2 = 0;   //溢出清零
  70   1             #if 1 
  71   1             ErrorPwmProcessHandle();
  72   1             #endif
  73   1      }
  74          
  75          
  76          
  77          
  78          
  79          
  80          
  81          
  82          
  83          
  84          
  85          
  86          
  87          
  88          
  89          
  90          


MODULE INFORMATION:   STATIC OVERLAYABLE
   CODE SIZE        =    188    ----
   CONSTANT SIZE    =   ----    ----
   XDATA SIZE       =   ----    ----
   PDATA SIZE       =   ----    ----
   DATA SIZE        =   ----    ----
   IDATA SIZE       =   ----    ----
   BIT SIZE         =   ----    ----
END OF MODULE INFORMATION.


C51 COMPILATION COMPLETE.  0 WARNING(S),  0 ERROR(S)
